A51 MACRO ASSEMBLER  ISP                                                                  04/05/2023 14:53:34 PAGE     1


MACRO ASSEMBLER A51 V8.2.7.0
OBJECT MODULE PLACED IN .\Objects\ISP.obj
ASSEMBLER INVOKED BY: D:\Kile V5\C51\BIN\A51.EXE ISP.ASM SET(SMALL) DEBUG PRINT(.\Listings\ISP.lst) OBJECT(.\Objects\ISP
                      .obj) EP

LOC  OBJ            LINE     SOURCE

                       1     
                       2     
----                   3               CSEG AT 012BH ;P0 口中断入口地址
012B 8000              4               JMP P0INT_ISR
012D                   5     P0INT_ISR:
012D 016B              6               JMP 006BH ;借用 13 号中断的入口地址
                       7               END
A51 MACRO ASSEMBLER  ISP                                                                  04/05/2023 14:53:34 PAGE     2

SYMBOL TABLE LISTING
------ ----- -------


N A M E             T Y P E  V A L U E   ATTRIBUTES

P0INT_ISR. . . . .  C ADDR   012DH   A   


REGISTER BANK(S) USED: 0 


ASSEMBLY COMPLETE.  0 WARNING(S), 0 ERROR(S)
